Archive member included to satisfy reference by file (symbol)

c:/program files (x86)/gnu arm embedded toolchain/10 2021.10/bin/../lib/gcc/arm-none-eabi/10.3.1/../../../../arm-none-eabi/lib/thumb/v7e-m+fp/hard\libc_nano.a(lib_a-memcpy-stub.o)
                              C:\Users\User\AppData\Local\Temp\ccEIQDph.o (memcpy)
c:/program files (x86)/gnu arm embedded toolchain/10 2021.10/bin/../lib/gcc/arm-none-eabi/10.3.1/../../../../arm-none-eabi/lib/thumb/v7e-m+fp/hard\libc_nano.a(lib_a-memset.o)
                              C:\Users\User\AppData\Local\Temp\ccEIQDph.o (memset)

Discarded input sections

 .group         0x00000000        0xc C:\Users\User\AppData\Local\Temp\ccmyWQfw.o
 .text          0x00000000        0x0 C:\Users\User\AppData\Local\Temp\ccmyWQfw.o
 .data          0x00000000        0x0 C:\Users\User\AppData\Local\Temp\ccmyWQfw.o
 .bss           0x00000000        0x0 C:\Users\User\AppData\Local\Temp\ccmyWQfw.o
 .group         0x00000000        0xc C:\Users\User\AppData\Local\Temp\ccEIQDph.o
 .text          0x00000000        0x0 C:\Users\User\AppData\Local\Temp\ccEIQDph.o
 .data          0x00000000        0x0 C:\Users\User\AppData\Local\Temp\ccEIQDph.o
 .bss           0x00000000        0x0 C:\Users\User\AppData\Local\Temp\ccEIQDph.o
 .debug_macro   0x00000000      0xa6c C:\Users\User\AppData\Local\Temp\ccEIQDph.o
 .text          0x00000000        0x0 c:/program files (x86)/gnu arm embedded toolchain/10 2021.10/bin/../lib/gcc/arm-none-eabi/10.3.1/../../../../arm-none-eabi/lib/thumb/v7e-m+fp/hard\libc_nano.a(lib_a-memcpy-stub.o)
 .data          0x00000000        0x0 c:/program files (x86)/gnu arm embedded toolchain/10 2021.10/bin/../lib/gcc/arm-none-eabi/10.3.1/../../../../arm-none-eabi/lib/thumb/v7e-m+fp/hard\libc_nano.a(lib_a-memcpy-stub.o)
 .bss           0x00000000        0x0 c:/program files (x86)/gnu arm embedded toolchain/10 2021.10/bin/../lib/gcc/arm-none-eabi/10.3.1/../../../../arm-none-eabi/lib/thumb/v7e-m+fp/hard\libc_nano.a(lib_a-memcpy-stub.o)
 .text          0x00000000        0x0 c:/program files (x86)/gnu arm embedded toolchain/10 2021.10/bin/../lib/gcc/arm-none-eabi/10.3.1/../../../../arm-none-eabi/lib/thumb/v7e-m+fp/hard\libc_nano.a(lib_a-memset.o)
 .data          0x00000000        0x0 c:/program files (x86)/gnu arm embedded toolchain/10 2021.10/bin/../lib/gcc/arm-none-eabi/10.3.1/../../../../arm-none-eabi/lib/thumb/v7e-m+fp/hard\libc_nano.a(lib_a-memset.o)
 .bss           0x00000000        0x0 c:/program files (x86)/gnu arm embedded toolchain/10 2021.10/bin/../lib/gcc/arm-none-eabi/10.3.1/../../../../arm-none-eabi/lib/thumb/v7e-m+fp/hard\libc_nano.a(lib_a-memset.o)

Memory Configuration

Name             Origin             Length             Attributes
RAM              0x20000000         0x00018000         xrw
RAM2             0x10000000         0x00008000         xrw
FLASH            0x08000000         0x00100000         xr
*default*        0x00000000         0xffffffff

Linker script and memory map

LOAD C:\Users\User\AppData\Local\Temp\ccmyWQfw.o
LOAD C:\Users\User\AppData\Local\Temp\ccEIQDph.o
LOAD c:/program files (x86)/gnu arm embedded toolchain/10 2021.10/bin/../lib/gcc/arm-none-eabi/10.3.1/../../../../arm-none-eabi/lib/thumb/v7e-m+fp/hard\libc_nano.a
LOAD c:/program files (x86)/gnu arm embedded toolchain/10 2021.10/bin/../lib/gcc/arm-none-eabi/10.3.1/thumb/v7e-m+fp/hard\libgcc.a
                0x20018000                _estack = (ORIGIN (RAM) + LENGTH (RAM))

.vectors        0x08000000      0x210
 *(.vectors)
 .vectors       0x08000000      0x210 C:\Users\User\AppData\Local\Temp\ccEIQDph.o
                0x08000000                tab

.text           0x08000210       0xc4
 *(.text*)
 .text.startup.main
                0x08000210       0x48 C:\Users\User\AppData\Local\Temp\ccmyWQfw.o
                0x08000210                main
 .text._reset   0x08000258       0x50 C:\Users\User\AppData\Local\Temp\ccEIQDph.o
                0x08000258                _reset
 .text.memcpy   0x080002a8       0x1c c:/program files (x86)/gnu arm embedded toolchain/10 2021.10/bin/../lib/gcc/arm-none-eabi/10.3.1/../../../../arm-none-eabi/lib/thumb/v7e-m+fp/hard\libc_nano.a(lib_a-memcpy-stub.o)
                0x080002a8                memcpy
 .text.memset   0x080002c4       0x10 c:/program files (x86)/gnu arm embedded toolchain/10 2021.10/bin/../lib/gcc/arm-none-eabi/10.3.1/../../../../arm-none-eabi/lib/thumb/v7e-m+fp/hard\libc_nano.a(lib_a-memset.o)
                0x080002c4                memset

.glue_7         0x080002d4        0x0
 .glue_7        0x080002d4        0x0 linker stubs

.glue_7t        0x080002d4        0x0
 .glue_7t       0x080002d4        0x0 linker stubs

.vfp11_veneer   0x080002d4        0x0
 .vfp11_veneer  0x080002d4        0x0 linker stubs

.v4_bx          0x080002d4        0x0
 .v4_bx         0x080002d4        0x0 linker stubs

.iplt           0x080002d4        0x0
 .iplt          0x080002d4        0x0 C:\Users\User\AppData\Local\Temp\ccEIQDph.o

.rel.dyn        0x080002d4        0x0
 .rel.iplt      0x080002d4        0x0 C:\Users\User\AppData\Local\Temp\ccEIQDph.o

.rodata
 *(.rodata*)

.data           0x20000000        0x0 load address 0x080002d4
                0x20000000                _sdata = .
 *(.first_data)
 *(.data SORT_BY_NAME(.data.*))
                0x20000000                _edata = .
                0x080002d4                _sidata = LOADADDR (.data)

.igot.plt       0x20000000        0x0 load address 0x080002d4
 .igot.plt      0x20000000        0x0 C:\Users\User\AppData\Local\Temp\ccEIQDph.o

.bss            0x20000000        0x0 load address 0x080002d4
                0x20000000                _sbss = .
 *(.bss SORT_BY_NAME(.bss.*) COMMON)
                0x20000000                _ebss = .
                0x20000000                . = ALIGN (0x8)
                0x20000000                _end = .
OUTPUT(firmware.elf elf32-littlearm)
LOAD linker stubs

.debug_info     0x00000000      0x1c7
 .debug_info    0x00000000       0x80 C:\Users\User\AppData\Local\Temp\ccmyWQfw.o
 .debug_info    0x00000080      0x147 C:\Users\User\AppData\Local\Temp\ccEIQDph.o

.debug_abbrev   0x00000000      0x154
 .debug_abbrev  0x00000000       0x64 C:\Users\User\AppData\Local\Temp\ccmyWQfw.o
 .debug_abbrev  0x00000064       0xf0 C:\Users\User\AppData\Local\Temp\ccEIQDph.o

.debug_loc      0x00000000       0xaa
 .debug_loc     0x00000000       0xaa C:\Users\User\AppData\Local\Temp\ccmyWQfw.o

.debug_aranges  0x00000000       0x40
 .debug_aranges
                0x00000000       0x20 C:\Users\User\AppData\Local\Temp\ccmyWQfw.o
 .debug_aranges
                0x00000020       0x20 C:\Users\User\AppData\Local\Temp\ccEIQDph.o

.debug_ranges   0x00000000       0x50
 .debug_ranges  0x00000000       0x40 C:\Users\User\AppData\Local\Temp\ccmyWQfw.o
 .debug_ranges  0x00000040       0x10 C:\Users\User\AppData\Local\Temp\ccEIQDph.o

.debug_macro    0x00000000      0xabe
 .debug_macro   0x00000000       0x41 C:\Users\User\AppData\Local\Temp\ccmyWQfw.o
 .debug_macro   0x00000041      0xa6c C:\Users\User\AppData\Local\Temp\ccmyWQfw.o
 .debug_macro   0x00000aad       0x11 C:\Users\User\AppData\Local\Temp\ccEIQDph.o

.debug_line     0x00000000      0x130
 .debug_line    0x00000000       0xc3 C:\Users\User\AppData\Local\Temp\ccmyWQfw.o
 .debug_line    0x000000c3       0x6d C:\Users\User\AppData\Local\Temp\ccEIQDph.o

.debug_str      0x00000000     0x2e5a
 .debug_str     0x00000000     0x2e05 C:\Users\User\AppData\Local\Temp\ccmyWQfw.o
 .debug_str     0x00002e05       0x55 C:\Users\User\AppData\Local\Temp\ccEIQDph.o
                               0x2d25 (size before relaxing)

.comment        0x00000000       0x49
 .comment       0x00000000       0x49 C:\Users\User\AppData\Local\Temp\ccmyWQfw.o
                                 0x4a (size before relaxing)
 .comment       0x00000049       0x4a C:\Users\User\AppData\Local\Temp\ccEIQDph.o

.ARM.attributes
                0x00000000       0x34
 .ARM.attributes
                0x00000000       0x34 C:\Users\User\AppData\Local\Temp\ccmyWQfw.o
 .ARM.attributes
                0x00000034       0x34 C:\Users\User\AppData\Local\Temp\ccEIQDph.o
 .ARM.attributes
                0x00000068       0x34 c:/program files (x86)/gnu arm embedded toolchain/10 2021.10/bin/../lib/gcc/arm-none-eabi/10.3.1/../../../../arm-none-eabi/lib/thumb/v7e-m+fp/hard\libc_nano.a(lib_a-memcpy-stub.o)
 .ARM.attributes
                0x0000009c       0x34 c:/program files (x86)/gnu arm embedded toolchain/10 2021.10/bin/../lib/gcc/arm-none-eabi/10.3.1/../../../../arm-none-eabi/lib/thumb/v7e-m+fp/hard\libc_nano.a(lib_a-memset.o)

.debug_frame    0x00000000       0x88
 .debug_frame   0x00000000       0x20 C:\Users\User\AppData\Local\Temp\ccmyWQfw.o
 .debug_frame   0x00000020       0x20 C:\Users\User\AppData\Local\Temp\ccEIQDph.o
 .debug_frame   0x00000040       0x28 c:/program files (x86)/gnu arm embedded toolchain/10 2021.10/bin/../lib/gcc/arm-none-eabi/10.3.1/../../../../arm-none-eabi/lib/thumb/v7e-m+fp/hard\libc_nano.a(lib_a-memcpy-stub.o)
 .debug_frame   0x00000068       0x20 c:/program files (x86)/gnu arm embedded toolchain/10 2021.10/bin/../lib/gcc/arm-none-eabi/10.3.1/../../../../arm-none-eabi/lib/thumb/v7e-m+fp/hard\libc_nano.a(lib_a-memset.o)
